ASxxxx Linker V03.00/V05.40 + sdld,  page 1.
Hexadecimal  [32-Bits]

Area                       Addr        Size        Decimal Bytes (Attributes)
--------------------       ----        ----        ------- ----- ------------
.  .ABS.               00000000    00000000 =           0. bytes (ABS,CON)

        Value  Global            Value  Global            Value  Global    
        -----  ------            -----  ------            -----  ------    
     00000000  .__.ABS.  |    00000000  _rRAMG    |    00000000  l__BASE  
     00000000  l__BSS    |    00000000  l__CABS   |    00000000  l__CODE_0
     00000000  l__DABS   |    00000000  l__HEADER |    00000000  l__HEAP  
     00000000  l__HEAP_E |    00000000  l__HRAM   |    00000000  l__LIT   
     00000000  s__CABS   |    00000000  s__DABS   |    00000000  s__HEADER
     00000000  s__HEADER |    00000000  s__HEADER |    00000000  s__HEADER
     00000000  s__HEADER |    00000000  s__HEADER |    00000000  s__HEADER
     00000000  s__HEADER |    00000000  s__HEADER |    00000000  s__HEADER
     00000000  s__HEADER |    00000000  s__HEADER |    00000000  s__HEADER
     00000000  s__HEADER |    00000000  s__HEADER |    00000000  s__HEADER
     00000000  s__HEADER |    00000000  s__HEADER |    00000000  s__HEADER
     00000000  s__HRAM   |    00000000  s__HRAM12 |    00000001  l__GSFINA
     00000001  l__HEADER |    00000001  l__HEADER |    00000001  l__HEADER
     00000001  l__HEADER |    00000001  l__HEADER |    00000001  l__HEADER
     00000001  l__HEADER |    00000002  l__HEADER |    00000002  l__HEADER
     00000002  l__HEADER |    00000003  l__HEADER |    00000003  l__HRAM12
     00000005  l__HEADER |    00000006  l__HEADER |    00000007  l__HEADER
     00000008  l__HEADER |    00000009  l__INITIA |    00000009  l__INITIA
     0000000C  l__GSINIT |    00000030  l__HEADER |    00000043  l__DATA  
     0000005C  l__HEADER |    000000AF  l__HEADER |    0000018B  l__HOME  
     00000200  s__CODE   |    0000093E  l__CODE   |    00000B3E  s__HOME  
     00000CC9  s__BASE   |    00000CC9  s__CODE_0 |    00000CC9  s__INITIA
     00000CC9  s__LIT    |    00000CD2  s__GSINIT |    00000CDE  s__GSFINA
     00002000  _rROMB0   |    00003000  _rROMB1   |    00004000  _rRAMB   
     00008000  __VRAM    |    00008000  __VRAM800 |    00008800  __VRAM880
     00009000  __VRAM900 |    00009800  __SCRN0   |    00009C00  __SCRN1  
     0000A000  __SRAM    |    0000C000  __RAM     |    0000C000  _shadow_O
     0000C0A0  s__DATA   |    0000C0E3  s__BSS    |    0000C0E3  s__INITIA
     0000C0EC  s__HEAP   |    0000C0EC  s__HEAP_E |    0000D000  __RAMBANK
     0000E000  .STACK    |    0000FE00  __OAMRAM  |    0000FF00  _P1_REG  
     0000FF00  __IO      |    0000FF01  _SB_REG   |    0000FF02  _SC_REG  
     0000FF04  _DIV_REG  |    0000FF05  _TIMA_REG |    0000FF06  _TMA_REG 
     0000FF07  _TAC_REG  |    0000FF0F  _IF_REG   |    0000FF10  _NR10_REG
     0000FF11  _NR11_REG |    0000FF12  _NR12_REG |    0000FF13  _NR13_REG
     0000FF14  _NR14_REG |    0000FF16  _NR21_REG |    0000FF17  _NR22_REG
     0000FF18  _NR23_REG |    0000FF19  _NR24_REG |    0000FF1A  _NR30_REG
     0000FF1B  _NR31_REG |    0000FF1C  _NR32_REG |    0000FF1D  _NR33_REG
     0000FF1E  _NR34_REG |    0000FF20  _NR41_REG |    0000FF21  _NR42_REG
     0000FF22  _NR43_REG |    0000FF23  _NR44_REG |    0000FF24  _NR50_REG
     0000FF25  _NR51_REG |    0000FF26  _NR52_REG |    0000FF30  _AUD3WAVE
     0000FF30  _PCM_SAMP |    0000FF30  __AUD3WAV |    0000FF40  _LCDC_REG
     0000FF41  _STAT_REG |    0000FF42  _SCY_REG  |    0000FF43  _SCX_REG 
     0000FF44  _LY_REG   |    0000FF45  _LYC_REG  |    0000FF46  _DMA_REG 
     0000FF47  _BGP_REG  |    0000FF48  _OBP0_REG |    0000FF49  _OBP1_REG
     0000FF4A  _WY_REG   |    0000FF4B  _WX_REG   |    0000FF4D  _KEY1_REG
     0000FF4F  _VBK_REG  |    0000FF51  _HDMA1_RE |    0000FF52  _HDMA2_RE
     0000FF53  _HDMA3_RE |    0000FF54  _HDMA4_RE |    0000FF55  _HDMA5_RE
     0000FF56  _RP_REG   |    0000FF68  _BCPS_REG |    0000FF69  _BCPD_REG
     0000FF6A  _OCPS_REG |    0000FF6B  _OCPD_REG |    0000FF70  _SVBK_REG
     0000FF76  _PCM12_RE |    0000FF77  _PCM34_RE |    0000FF80  .refresh_
ASxxxx Linker V03.00/V05.40 + sdld,  page 2.
Hexadecimal  [32-Bits]

Area                       Addr        Size        Decimal Bytes (Attributes)
--------------------       ----        ----        ------- ----- ------------
.  .ABS.               00000000    00000000 =           0. bytes (ABS,CON)

        Value  Global            Value  Global            Value  Global    
        -----  ------            -----  ------            -----  ------    
     0000FF80  __HRAM    |    0000FFFF  _IE_REG  
ASxxxx Linker V03.00/V05.40 + sdld,  page 3.
Hexadecimal  [32-Bits]

Area                       Addr        Size        Decimal Bytes (Attributes)
--------------------       ----        ----        ------- ----- ------------
_CODE                  00000200    0000093E =        2366. bytes (REL,CON)

        Value  Global            Value  Global            Value  Global    
        -----  ------            -----  ------            -----  ------    
     00000200  A$lcc3370 |    00000200  C$board.c |    00000200  C$board.c
     00000200  G$init_bo |    00000200  _init_boa |    00000202  A$lcc3370
     00000202  C$board.c |    00000204  A$lcc3370 |    00000204  C$board.c
     00000205  A$lcc3370 |    00000207  A$lcc3370 |    00000208  A$lcc3370
     00000209  A$lcc3370 |    0000020A  A$lcc3370 |    0000020B  A$lcc3370
     0000020C  A$lcc3370 |    0000020D  A$lcc3370 |    00000210  A$lcc3370
     00000211  A$lcc3370 |    00000212  A$lcc3370 |    00000214  A$lcc3370
     00000215  A$lcc3370 |    00000217  A$lcc3370 |    00000217  C$board.c
     00000218  A$lcc3370 |    00000219  A$lcc3370 |    0000021B  A$lcc3370
     0000021D  A$lcc3370 |    0000021D  C$board.c |    0000021E  A$lcc3370
     0000021F  A$lcc3370 |    00000221  A$lcc3370 |    00000223  A$lcc3370
     00000223  C$board.c |    00000226  A$lcc3370 |    00000226  C$board.c
     00000226  XG$init_b |    00000227  A$lcc3370 |    00000227  C$board.c
     00000227  G$check_w |    00000227  _check_wi |    00000229  A$lcc3370
     0000022B  A$lcc3370 |    0000022C  A$lcc3370 |    0000022D  A$lcc3370
     0000022E  A$lcc3370 |    00000230  A$lcc3370 |    00000231  A$lcc3370
     00000232  A$lcc3370 |    00000233  A$lcc3370 |    00000235  A$lcc3370
     00000237  A$lcc3370 |    00000239  A$lcc3370 |    0000023B  A$lcc3370
     0000023D  A$lcc3370 |    0000023F  A$lcc3370 |    00000241  A$lcc3370
     00000243  A$lcc3370 |    00000245  A$lcc3370 |    00000247  A$lcc3370
     00000249  A$lcc3370 |    0000024B  A$lcc3370 |    0000024B  C$board.c
     0000024D  A$lcc3370 |    0000024F  A$lcc3370 |    0000024F  C$board.c
     00000251  A$lcc3370 |    00000252  A$lcc3370 |    00000254  A$lcc3370
     00000255  A$lcc3370 |    00000257  A$lcc3370 |    00000259  A$lcc3370
     0000025A  A$lcc3370 |    0000025C  A$lcc3370 |    0000025D  A$lcc3370
     0000025E  A$lcc3370 |    0000025F  A$lcc3370 |    00000260  A$lcc3370
     00000261  A$lcc3370 |    00000262  A$lcc3370 |    00000264  A$lcc3370
     00000265  A$lcc3370 |    00000266  A$lcc3370 |    00000267  A$lcc3370
     00000268  A$lcc3370 |    00000269  A$lcc3370 |    0000026A  A$lcc3370
     0000026C  A$lcc3370 |    0000026D  A$lcc3370 |    0000026E  A$lcc3370
     0000026F  A$lcc3370 |    00000271  A$lcc3370 |    00000272  A$lcc3370
     00000273  A$lcc3370 |    00000274  A$lcc3370 |    00000275  A$lcc3370
     00000276  A$lcc3370 |    00000277  A$lcc3370 |    00000278  A$lcc3370
     00000279  A$lcc3370 |    0000027A  A$lcc3370 |    0000027B  A$lcc3370
     0000027C  A$lcc3370 |    0000027D  A$lcc3370 |    0000027F  A$lcc3370
     00000280  A$lcc3370 |    00000281  A$lcc3370 |    00000282  A$lcc3370
     00000283  A$lcc3370 |    00000284  A$lcc3370 |    00000285  A$lcc3370
     00000287  A$lcc3370 |    00000288  A$lcc3370 |    0000028A  A$lcc3370
     0000028B  A$lcc3370 |    0000028C  A$lcc3370 |    0000028D  A$lcc3370
     0000028E  A$lcc3370 |    0000028F  A$lcc3370 |    00000291  A$lcc3370
     00000292  A$lcc3370 |    00000293  A$lcc3370 |    00000295  A$lcc3370
     00000295  C$board.c |    00000297  A$lcc3370 |    00000298  A$lcc3370
     00000299  A$lcc3370 |    0000029B  A$lcc3370 |    0000029D  A$lcc3370
     0000029D  C$board.c |    0000029F  A$lcc3370 |    000002A0  A$lcc3370
     000002A2  A$lcc3370 |    000002A3  A$lcc3370 |    000002A5  A$lcc3370
     000002A6  A$lcc3370 |    000002A8  A$lcc3370 |    000002A9  A$lcc3370
     000002A9  C$board.c |    000002AB  A$lcc3370 |    000002AC  A$lcc3370
     000002AE  A$lcc3370 |    000002AF  A$lcc3370 |    000002B1  A$lcc3370
     000002B2  A$lcc3370 |    000002B4  A$lcc3370 |    000002B5  A$lcc3370
     000002B5  C$board.c |    000002B7  A$lcc3370 |    000002B8  A$lcc3370
ASxxxx Linker V03.00/V05.40 + sdld,  page 4.
Hexadecimal  [32-Bits]

Area                       Addr        Size        Decimal Bytes (Attributes)
--------------------       ----        ----        ------- ----- ------------
_CODE                  00000200    0000093E =        2366. bytes (REL,CON)

        Value  Global            Value  Global            Value  Global    
        -----  ------            -----  ------            -----  ------    
     000002BA  A$lcc3370 |    000002BB  A$lcc3370 |    000002BD  A$lcc3370
     000002BE  A$lcc3370 |    000002C0  A$lcc3370 |    000002C1  A$lcc3370
     000002C1  C$board.c |    000002C3  A$lcc3370 |    000002C4  A$lcc3370
     000002C6  A$lcc3370 |    000002C8  A$lcc3370 |    000002C8  C$board.c
     000002CA  A$lcc3370 |    000002CB  A$lcc3370 |    000002CC  A$lcc3370
     000002CD  A$lcc3370 |    000002CF  A$lcc3370 |    000002D0  A$lcc3370
     000002D1  A$lcc3370 |    000002D1  C$board.c |    000002D3  A$lcc3370
     000002D4  A$lcc3370 |    000002D5  A$lcc3370 |    000002D6  A$lcc3370
     000002D8  A$lcc3370 |    000002D9  A$lcc3370 |    000002DA  A$lcc3370
     000002DA  C$board.c |    000002DC  A$lcc3370 |    000002DD  A$lcc3370
     000002DE  A$lcc3370 |    000002DF  A$lcc3370 |    000002E1  A$lcc3370
     000002E2  A$lcc3370 |    000002E3  A$lcc3370 |    000002E3  C$board.c
     000002E5  A$lcc3370 |    000002E6  A$lcc3370 |    000002E8  A$lcc3370
     000002E9  A$lcc3370 |    000002EA  A$lcc3370 |    000002EB  A$lcc3370
     000002ED  A$lcc3370 |    000002EE  A$lcc3370 |    000002EF  A$lcc3370
     000002F0  A$lcc3370 |    000002F1  A$lcc3370 |    000002F1  C$board.c
     000002F3  A$lcc3370 |    000002F4  A$lcc3370 |    000002F7  A$lcc3370
     000002F7  C$board.c |    000002F9  A$lcc3370 |    000002FA  A$lcc3370
     000002FB  A$lcc3370 |    000002FD  A$lcc3370 |    000002FE  A$lcc3370
     00000300  A$lcc3370 |    00000301  A$lcc3370 |    00000303  A$lcc3370
     00000306  A$lcc3370 |    00000306  C$board.c |    00000307  A$lcc3370
     00000308  A$lcc3370 |    00000309  A$lcc3370 |    0000030B  A$lcc3370
     0000030C  A$lcc3370 |    0000030E  A$lcc3370 |    0000030F  A$lcc3370
     00000311  A$lcc3370 |    00000314  A$lcc3370 |    00000316  A$lcc3370
     00000318  A$lcc3370 |    0000031A  A$lcc3370 |    0000031C  A$lcc3370
     0000031E  A$lcc3370 |    0000031F  A$lcc3370 |    00000320  A$lcc3370
     00000321  A$lcc3370 |    00000323  A$lcc3370 |    00000324  A$lcc3370
     00000325  A$lcc3370 |    00000326  A$lcc3370 |    00000327  A$lcc3370
     00000328  A$lcc3370 |    00000329  A$lcc3370 |    0000032A  A$lcc3370
     0000032B  A$lcc3370 |    0000032D  A$lcc3370 |    0000032E  A$lcc3370
     0000032F  A$lcc3370 |    00000330  A$lcc3370 |    00000331  A$lcc3370
     00000332  A$lcc3370 |    00000333  A$lcc3370 |    00000335  A$lcc3370
     00000336  A$lcc3370 |    00000337  A$lcc3370 |    00000338  A$lcc3370
     0000033A  A$lcc3370 |    0000033B  A$lcc3370 |    0000033D  A$lcc3370
     0000033F  A$lcc3370 |    0000033F  C$board.c |    00000341  A$lcc3370
     00000341  C$board.c |    00000343  A$lcc3370 |    00000344  A$lcc3370
     00000345  A$lcc3370 |    00000346  A$lcc3370 |    00000348  A$lcc3370
     0000034A  A$lcc3370 |    0000034B  A$lcc3370 |    0000034C  A$lcc3370
     0000034D  A$lcc3370 |    0000034E  A$lcc3370 |    0000034F  A$lcc3370
     00000350  A$lcc3370 |    00000351  A$lcc3370 |    00000352  A$lcc3370
     00000354  A$lcc3370 |    00000355  A$lcc3370 |    00000356  A$lcc3370
     00000358  A$lcc3370 |    00000358  C$board.c |    00000359  A$lcc3370
     0000035A  A$lcc3370 |    0000035C  A$lcc3370 |    0000035E  A$lcc3370
     0000035E  C$board.c |    0000035F  A$lcc3370 |    00000361  A$lcc3370
     00000363  A$lcc3370 |    00000363  C$board.c |    00000365  A$lcc3370
     00000366  A$lcc3370 |    00000367  A$lcc3370 |    00000368  A$lcc3370
     0000036A  A$lcc3370 |    0000036B  A$lcc3370 |    0000036C  A$lcc3370
     0000036C  C$board.c |    0000036E  A$lcc3370 |    0000036F  A$lcc3370
     00000370  A$lcc3370 |    00000371  A$lcc3370 |    00000373  A$lcc3370
     00000374  A$lcc3370 |    00000375  A$lcc3370 |    00000375  C$board.c
     00000377  A$lcc3370 |    00000378  A$lcc3370 |    00000379  A$lcc3370
ASxxxx Linker V03.00/V05.40 + sdld,  page 5.
Hexadecimal  [32-Bits]

Area                       Addr        Size        Decimal Bytes (Attributes)
--------------------       ----        ----        ------- ----- ------------
_CODE                  00000200    0000093E =        2366. bytes (REL,CON)

        Value  Global            Value  Global            Value  Global    
        -----  ------            -----  ------            -----  ------    
     0000037A  A$lcc3370 |    0000037C  A$lcc3370 |    0000037D  A$lcc3370
     0000037E  A$lcc3370 |    0000037E  C$board.c |    0000037F  A$lcc3370
     00000380  A$lcc3370 |    00000381  A$lcc3370 |    00000382  A$lcc3370
     00000383  A$lcc3370 |    00000384  A$lcc3370 |    00000386  A$lcc3370
     00000387  A$lcc3370 |    00000388  A$lcc3370 |    00000389  A$lcc3370
     0000038B  A$lcc3370 |    0000038C  A$lcc3370 |    0000038D  A$lcc3370
     0000038D  C$board.c |    0000038F  A$lcc3370 |    00000390  A$lcc3370
     00000393  A$lcc3370 |    00000393  C$board.c |    00000395  A$lcc3370
     00000396  A$lcc3370 |    00000397  A$lcc3370 |    00000398  A$lcc3370
     00000399  A$lcc3370 |    0000039A  A$lcc3370 |    0000039B  A$lcc3370
     0000039D  A$lcc3370 |    0000039F  A$lcc3370 |    0000039F  C$board.c
     000003A0  A$lcc3370 |    000003A1  A$lcc3370 |    000003A2  A$lcc3370
     000003A4  A$lcc3370 |    000003A5  A$lcc3370 |    000003A7  A$lcc3370
     000003A8  A$lcc3370 |    000003AA  A$lcc3370 |    000003AD  A$lcc3370
     000003AF  A$lcc3370 |    000003B1  A$lcc3370 |    000003B3  A$lcc3370
     000003B5  A$lcc3370 |    000003B7  A$lcc3370 |    000003B9  A$lcc3370
     000003BA  A$lcc3370 |    000003BB  A$lcc3370 |    000003BD  A$lcc3370
     000003BD  C$board.c |    000003BF  A$lcc3370 |    000003BF  C$board.c
     000003C1  A$lcc3370 |    000003C2  A$lcc3370 |    000003C4  A$lcc3370
     000003C5  A$lcc3370 |    000003C7  A$lcc3370 |    000003C8  A$lcc3370
     000003C9  A$lcc3370 |    000003CA  A$lcc3370 |    000003CB  A$lcc3370
     000003CC  A$lcc3370 |    000003CD  A$lcc3370 |    000003CE  A$lcc3370
     000003CF  A$lcc3370 |    000003D0  A$lcc3370 |    000003D1  A$lcc3370
     000003D2  A$lcc3370 |    000003D3  A$lcc3370 |    000003D4  A$lcc3370
     000003D6  A$lcc3370 |    000003D7  A$lcc3370 |    000003D8  A$lcc3370
     000003D9  A$lcc3370 |    000003DB  A$lcc3370 |    000003DC  A$lcc3370
     000003DE  A$lcc3370 |    000003DF  A$lcc3370 |    000003E0  A$lcc3370
     000003E1  A$lcc3370 |    000003E3  A$lcc3370 |    000003E4  A$lcc3370
     000003E5  A$lcc3370 |    000003E6  A$lcc3370 |    000003E7  A$lcc3370
     000003E8  A$lcc3370 |    000003E9  A$lcc3370 |    000003EB  A$lcc3370
     000003EC  A$lcc3370 |    000003ED  A$lcc3370 |    000003EE  A$lcc3370
     000003F0  A$lcc3370 |    000003F1  A$lcc3370 |    000003F2  A$lcc3370
     000003F4  A$lcc3370 |    000003F5  A$lcc3370 |    000003F6  A$lcc3370
     000003F8  A$lcc3370 |    000003F8  C$board.c |    000003F9  A$lcc3370
     000003FA  A$lcc3370 |    000003FC  A$lcc3370 |    000003FE  A$lcc3370
     000003FE  C$board.c |    000003FF  A$lcc3370 |    00000401  A$lcc3370
     00000403  A$lcc3370 |    00000403  C$board.c |    00000405  A$lcc3370
     00000406  A$lcc3370 |    00000407  A$lcc3370 |    00000408  A$lcc3370
     0000040A  A$lcc3370 |    0000040B  A$lcc3370 |    0000040C  A$lcc3370
     0000040C  C$board.c |    0000040E  A$lcc3370 |    0000040F  A$lcc3370
     00000410  A$lcc3370 |    00000411  A$lcc3370 |    00000413  A$lcc3370
     00000414  A$lcc3370 |    00000415  A$lcc3370 |    00000415  C$board.c
     00000417  A$lcc3370 |    00000418  A$lcc3370 |    00000419  A$lcc3370
     0000041A  A$lcc3370 |    0000041B  A$lcc3370 |    0000041D  A$lcc3370
     0000041E  A$lcc3370 |    0000041F  A$lcc3370 |    00000420  A$lcc3370
     00000421  A$lcc3370 |    00000421  C$board.c |    00000423  A$lcc3370
     00000424  A$lcc3370 |    00000425  A$lcc3370 |    00000426  A$lcc3370
     00000427  A$lcc3370 |    00000429  A$lcc3370 |    0000042A  A$lcc3370
     0000042B  A$lcc3370 |    0000042C  A$lcc3370 |    0000042D  A$lcc3370
     0000042D  C$board.c |    0000042F  A$lcc3370 |    00000430  A$lcc3370
     00000433  A$lcc3370 |    00000433  C$board.c |    00000435  A$lcc3370
ASxxxx Linker V03.00/V05.40 + sdld,  page 6.
Hexadecimal  [32-Bits]

Area                       Addr        Size        Decimal Bytes (Attributes)
--------------------       ----        ----        ------- ----- ------------
_CODE                  00000200    0000093E =        2366. bytes (REL,CON)

        Value  Global            Value  Global            Value  Global    
        -----  ------            -----  ------            -----  ------    
     00000436  A$lcc3370 |    00000437  A$lcc3370 |    00000438  A$lcc3370
     00000439  A$lcc3370 |    0000043A  A$lcc3370 |    0000043B  A$lcc3370
     0000043D  A$lcc3370 |    00000440  A$lcc3370 |    00000440  C$board.c
     00000441  A$lcc3370 |    00000442  A$lcc3370 |    00000443  A$lcc3370
     00000445  A$lcc3370 |    00000446  A$lcc3370 |    00000448  A$lcc3370
     00000449  A$lcc3370 |    0000044B  A$lcc3370 |    0000044E  A$lcc3370
     00000450  A$lcc3370 |    00000452  A$lcc3370 |    00000454  A$lcc3370
     00000456  A$lcc3370 |    00000458  A$lcc3370 |    0000045A  A$lcc3370
     0000045C  A$lcc3370 |    0000045E  A$lcc3370 |    0000045E  C$board.c
     00000460  A$lcc3370 |    00000462  A$lcc3370 |    00000462  C$board.c
     00000464  A$lcc3370 |    00000465  A$lcc3370 |    00000467  A$lcc3370
     00000468  A$lcc3370 |    0000046A  A$lcc3370 |    0000046C  A$lcc3370
     0000046D  A$lcc3370 |    0000046F  A$lcc3370 |    00000470  A$lcc3370
     00000471  A$lcc3370 |    00000472  A$lcc3370 |    00000473  A$lcc3370
     00000474  A$lcc3370 |    00000475  A$lcc3370 |    00000477  A$lcc3370
     00000478  A$lcc3370 |    00000479  A$lcc3370 |    0000047A  A$lcc3370
     0000047B  A$lcc3370 |    0000047C  A$lcc3370 |    0000047D  A$lcc3370
     0000047F  A$lcc3370 |    00000480  A$lcc3370 |    00000481  A$lcc3370
     00000482  A$lcc3370 |    00000484  A$lcc3370 |    00000485  A$lcc3370
     00000486  A$lcc3370 |    00000487  A$lcc3370 |    00000488  A$lcc3370
     00000489  A$lcc3370 |    0000048A  A$lcc3370 |    0000048B  A$lcc3370
     0000048C  A$lcc3370 |    0000048D  A$lcc3370 |    0000048E  A$lcc3370
     0000048F  A$lcc3370 |    00000490  A$lcc3370 |    00000492  A$lcc3370
     00000493  A$lcc3370 |    00000494  A$lcc3370 |    00000495  A$lcc3370
     00000496  A$lcc3370 |    00000497  A$lcc3370 |    00000498  A$lcc3370
     0000049A  A$lcc3370 |    0000049B  A$lcc3370 |    0000049C  A$lcc3370
     0000049D  A$lcc3370 |    0000049E  A$lcc3370 |    000004A0  A$lcc3370
     000004A1  A$lcc3370 |    000004A2  A$lcc3370 |    000004A4  A$lcc3370
     000004A5  A$lcc3370 |    000004A6  A$lcc3370 |    000004A8  A$lcc3370
     000004A8  C$board.c |    000004AA  A$lcc3370 |    000004AB  A$lcc3370
     000004AC  A$lcc3370 |    000004AE  A$lcc3370 |    000004B0  A$lcc3370
     000004B0  C$board.c |    000004B2  A$lcc3370 |    000004B3  A$lcc3370
     000004B5  A$lcc3370 |    000004B7  A$lcc3370 |    000004B7  C$board.c
     000004B9  A$lcc3370 |    000004BA  A$lcc3370 |    000004BB  A$lcc3370
     000004BC  A$lcc3370 |    000004BE  A$lcc3370 |    000004BF  A$lcc3370
     000004C0  A$lcc3370 |    000004C0  C$board.c |    000004C2  A$lcc3370
     000004C3  A$lcc3370 |    000004C4  A$lcc3370 |    000004C5  A$lcc3370
     000004C7  A$lcc3370 |    000004C7  C$board.c |    000004C8  A$lcc3370
     000004C9  A$lcc3370 |    000004CA  A$lcc3370 |    000004CC  A$lcc3370
     000004CD  A$lcc3370 |    000004CE  A$lcc3370 |    000004CF  A$lcc3370
     000004D1  A$lcc3370 |    000004D2  A$lcc3370 |    000004D3  A$lcc3370
     000004D4  A$lcc3370 |    000004D5  A$lcc3370 |    000004D5  C$board.c
     000004D7  A$lcc3370 |    000004D8  A$lcc3370 |    000004DA  A$lcc3370
     000004DB  A$lcc3370 |    000004DC  A$lcc3370 |    000004DD  A$lcc3370
     000004DF  A$lcc3370 |    000004E0  A$lcc3370 |    000004E1  A$lcc3370
     000004E2  A$lcc3370 |    000004E3  A$lcc3370 |    000004E3  C$board.c
     000004E5  A$lcc3370 |    000004E6  A$lcc3370 |    000004E8  A$lcc3370
     000004E8  C$board.c |    000004EA  A$lcc3370 |    000004EB  A$lcc3370
     000004EC  A$lcc3370 |    000004EE  A$lcc3370 |    000004EF  A$lcc3370
     000004F1  A$lcc3370 |    000004F2  A$lcc3370 |    000004F4  A$lcc3370
     000004F7  A$lcc3370 |    000004F7  C$board.c |    000004F8  A$lcc3370
ASxxxx Linker V03.00/V05.40 + sdld,  page 7.
Hexadecimal  [32-Bits]

Area                       Addr        Size        Decimal Bytes (Attributes)
--------------------       ----        ----        ------- ----- ------------
_CODE                  00000200    0000093E =        2366. bytes (REL,CON)

        Value  Global            Value  Global            Value  Global    
        -----  ------            -----  ------            -----  ------    
     000004F9  A$lcc3370 |    000004FA  A$lcc3370 |    000004FC  A$lcc3370
     000004FD  A$lcc3370 |    000004FF  A$lcc3370 |    00000500  A$lcc3370
     00000502  A$lcc3370 |    00000505  A$lcc3370 |    00000505  C$board.c
     00000506  A$lcc3370 |    00000507  A$lcc3370 |    00000508  A$lcc3370
     0000050A  A$lcc3370 |    0000050B  A$lcc3370 |    0000050D  A$lcc3370
     0000050F  A$lcc3370 |    00000510  A$lcc3370 |    00000513  A$lcc3370
     00000513  C$board.c |    00000514  A$lcc3370 |    00000514  C$board.c
     00000516  A$lcc3370 |    00000517  A$lcc3370 |    00000519  A$lcc3370
     0000051A  A$lcc3370 |    0000051A  C$board.c |    0000051A  G$is_vali
     0000051A  _is_valid |    0000051C  A$lcc3370 |    0000051E  A$lcc3370
     0000051F  A$lcc3370 |    00000520  A$lcc3370 |    00000521  A$lcc3370
     00000522  A$lcc3370 |    00000523  A$lcc3370 |    00000524  A$lcc3370
     00000524  C$board.c |    00000527  A$lcc3370 |    00000528  A$lcc3370
     00000529  A$lcc3370 |    0000052A  A$lcc3370 |    0000052B  A$lcc3370
     0000052C  A$lcc3370 |    0000052D  A$lcc3370 |    0000052E  A$lcc3370
     0000052F  A$lcc3370 |    00000530  A$lcc3370 |    00000531  A$lcc3370
     00000532  A$lcc3370 |    00000534  A$lcc3370 |    00000535  A$lcc3370
     00000536  A$lcc3370 |    00000537  A$lcc3370 |    00000538  A$lcc3370
     00000539  A$lcc3370 |    0000053A  A$lcc3370 |    0000053C  A$lcc3370
     0000053D  A$lcc3370 |    0000053F  A$lcc3370 |    00000540  A$lcc3370
     00000541  A$lcc3370 |    00000542  A$lcc3370 |    00000543  A$lcc3370
     00000544  A$lcc3370 |    00000546  A$lcc3370 |    00000547  A$lcc3370
     00000548  A$lcc3370 |    00000549  A$lcc3370 |    0000054B  A$lcc3370
     0000054C  A$lcc3370 |    0000054D  A$lcc3370 |    0000054E  A$lcc3370
     0000054F  A$lcc3370 |    00000551  A$lcc3370 |    00000553  A$lcc3370
     00000553  C$board.c |    00000554  A$lcc3370 |    00000556  A$lcc3370
     00000556  C$board.c |    00000557  A$lcc3370 |    00000557  C$board.c
     00000558  A$lcc3370 |    0000055A  A$lcc3370 |    0000055C  A$lcc3370
     0000055C  C$board.c |    0000055E  A$lcc3370 |    0000055F  A$lcc3370
     00000560  A$lcc3370 |    00000561  A$lcc3370 |    00000562  A$lcc3370
     00000563  A$lcc3370 |    00000563  C$board.c |    00000565  A$lcc3370
     00000567  A$lcc3370 |    00000567  C$board.c |    00000568  A$lcc3370
     00000568  C$board.c |    0000056A  A$lcc3370 |    0000056B  A$lcc3370
     0000056C  A$lcc3370 |    0000056D  A$lcc3370 |    0000056D  C$board.c
     0000056D  G$make_mo |    0000056D  _make_mov |    0000056F  A$lcc3370
     00000570  A$lcc3370 |    00000571  A$lcc3370 |    00000573  A$lcc3370
     00000574  A$lcc3370 |    00000574  C$board.c |    00000576  A$lcc3370
     00000577  A$lcc3370 |    00000579  A$lcc3370 |    0000057A  A$lcc3370
     0000057B  A$lcc3370 |    0000057D  A$lcc3370 |    0000057E  A$lcc3370
     0000057F  A$lcc3370 |    00000581  A$lcc3370 |    00000582  A$lcc3370
     00000583  A$lcc3370 |    00000584  A$lcc3370 |    00000585  A$lcc3370
     00000586  A$lcc3370 |    00000587  A$lcc3370 |    00000588  A$lcc3370
     00000589  A$lcc3370 |    0000058A  A$lcc3370 |    0000058B  A$lcc3370
     0000058C  A$lcc3370 |    0000058D  A$lcc3370 |    0000058F  A$lcc3370
     00000590  A$lcc3370 |    00000592  A$lcc3370 |    00000593  A$lcc3370
     00000594  A$lcc3370 |    00000595  A$lcc3370 |    00000596  A$lcc3370
     00000597  A$lcc3370 |    00000599  A$lcc3370 |    0000059B  A$lcc3370
     0000059C  A$lcc3370 |    0000059E  A$lcc3370 |    0000059F  A$lcc3370
     000005A1  A$lcc3370 |    000005A2  A$lcc3370 |    000005A4  A$lcc3370
     000005A5  A$lcc3370 |    000005A6  A$lcc3370 |    000005A8  A$lcc3370
     000005A9  A$lcc3370 |    000005AB  A$lcc3370 |    000005AC  A$lcc3370
ASxxxx Linker V03.00/V05.40 + sdld,  page 8.
Hexadecimal  [32-Bits]

Area                       Addr        Size        Decimal Bytes (Attributes)
--------------------       ----        ----        ------- ----- ------------
_CODE                  00000200    0000093E =        2366. bytes (REL,CON)

        Value  Global            Value  Global            Value  Global    
        -----  ------            -----  ------            -----  ------    
     000005AE  A$lcc3370 |    000005B0  A$lcc3370 |    000005B2  A$lcc3370
     000005B4  A$lcc3370 |    000005B6  A$lcc3370 |    000005B7  A$lcc3370
     000005B9  A$lcc3370 |    000005BB  A$lcc3370 |    000005BD  A$lcc3370
     000005BE  A$lcc3370 |    000005C0  A$lcc3370 |    000005C0  C$board.c
     000005C2  A$lcc3370 |    000005C3  A$lcc3370 |    000005C5  A$lcc3370
     000005C6  A$lcc3370 |    000005C7  A$lcc3370 |    000005C9  A$lcc3370
     000005C9  C$board.c |    000005CB  A$lcc3370 |    000005CC  A$lcc3370
     000005CD  A$lcc3370 |    000005CE  A$lcc3370 |    000005D1  A$lcc3370
     000005D2  A$lcc3370 |    000005D3  A$lcc3370 |    000005D4  A$lcc3370
     000005D5  A$lcc3370 |    000005D6  A$lcc3370 |    000005D8  A$lcc3370
     000005D9  A$lcc3370 |    000005DA  A$lcc3370 |    000005DA  C$board.c
     000005DB  A$lcc3370 |    000005DD  A$lcc3370 |    000005DE  A$lcc3370
     000005DF  A$lcc3370 |    000005E0  A$lcc3370 |    000005E2  A$lcc3370
     000005E3  A$lcc3370 |    000005E5  A$lcc3370 |    000005E7  A$lcc3370
     000005E7  C$board.c |    000005E9  A$lcc3370 |    000005EA  A$lcc3370
     000005EB  A$lcc3370 |    000005EC  A$lcc3370 |    000005ED  A$lcc3370
     000005EE  A$lcc3370 |    000005EF  A$lcc3370 |    000005F0  A$lcc3370
     000005F1  A$lcc3370 |    000005F2  A$lcc3370 |    000005F3  A$lcc3370
     000005F4  A$lcc3370 |    000005F5  A$lcc3370 |    000005F7  A$lcc3370
     000005F8  A$lcc3370 |    000005FA  A$lcc3370 |    000005FB  A$lcc3370
     000005FC  A$lcc3370 |    000005FD  A$lcc3370 |    000005FF  A$lcc3370
     00000600  A$lcc3370 |    00000601  A$lcc3370 |    00000601  C$board.c
     00000603  A$lcc3370 |    00000605  A$lcc3370 |    00000605  C$board.c
     00000606  A$lcc3370 |    00000606  C$board.c |    00000608  A$lcc3370
     00000609  A$lcc3370 |    0000060A  A$lcc3370 |    0000060B  A$lcc3370
     0000060B  C$drawing |    0000060B  C$drawing |    0000060B  G$board_t
     0000060B  _board_to |    0000060C  A$lcc3370 |    0000060D  A$lcc3370
     0000060F  A$lcc3370 |    00000610  A$lcc3370 |    00000610  C$drawing
     00000611  A$lcc3370 |    00000612  A$lcc3370 |    00000614  A$lcc3370
     00000615  A$lcc3370 |    00000615  C$drawing |    00000615  XG$board_
     00000616  A$lcc3370 |    00000616  C$drawing |    00000616  G$lerp$0$
     00000616  _lerp     |    00000617  A$lcc3370 |    00000618  A$lcc3370
     0000061A  A$lcc3370 |    0000061B  A$lcc3370 |    0000061B  C$drawing
     0000061E  A$lcc3370 |    00000620  A$lcc3370 |    00000622  A$lcc3370
     00000622  C$drawing |    00000623  A$lcc3370 |    00000625  A$lcc3370
     00000625  C$drawing |    00000628  A$lcc3370 |    0000062A  A$lcc3370
     0000062B  A$lcc3370 |    0000062E  A$lcc3370 |    0000062F  A$lcc3370
     00000631  A$lcc3370 |    00000633  A$lcc3370 |    00000634  A$lcc3370
     00000635  A$lcc3370 |    00000637  A$lcc3370 |    00000638  A$lcc3370
     00000639  A$lcc3370 |    0000063A  A$lcc3370 |    0000063B  A$lcc3370
     0000063C  A$lcc3370 |    0000063D  A$lcc3370 |    0000063E  A$lcc3370
     00000640  A$lcc3370 |    00000643  A$lcc3370 |    00000644  A$lcc3370
     00000645  A$lcc3370 |    00000648  A$lcc3370 |    0000064B  A$lcc3370
     0000064D  A$lcc3370 |    0000064E  A$lcc3370 |    0000064F  A$lcc3370
     00000650  A$lcc3370 |    00000651  A$lcc3370 |    00000651  C$drawing
     00000651  XG$lerp$0 |    00000652  A$lcc3370 |    00000652  C$drawing
     00000652  C$drawing |    00000652  G$init_dr |    00000652  _init_dra
     00000655  A$lcc3370 |    00000656  A$lcc3370 |    00000659  A$lcc3370
     0000065A  A$lcc3370 |    0000065D  A$lcc3370 |    0000065F  A$lcc3370
     0000065F  C$drawing |    00000662  A$lcc3370 |    00000663  A$lcc3370
     00000666  A$lcc3370 |    00000667  A$lcc3370 |    0000066A  A$lcc3370
ASxxxx Linker V03.00/V05.40 + sdld,  page 9.
Hexadecimal  [32-Bits]

Area                       Addr        Size        Decimal Bytes (Attributes)
--------------------       ----        ----        ------- ----- ------------
_CODE                  00000200    0000093E =        2366. bytes (REL,CON)

        Value  Global            Value  Global            Value  Global    
        -----  ------            -----  ------            -----  ------    
     0000066C  A$lcc3370 |    0000066C  C$drawing |    0000066F  A$lcc3370
     00000670  A$lcc3370 |    00000673  A$lcc3370 |    00000674  A$lcc3370
     00000677  A$lcc3370 |    00000679  A$lcc3370 |    00000679  C$drawing
     0000067A  A$lcc3370 |    0000067D  A$lcc3370 |    0000067E  A$lcc3370
     00000681  A$lcc3370 |    00000683  A$lcc3370 |    00000683  C$drawing
     00000686  A$lcc3370 |    00000687  A$lcc3370 |    0000068A  A$lcc3370
     0000068B  A$lcc3370 |    0000068E  A$lcc3370 |    00000690  A$lcc3370
     00000690  C$drawing |    00000691  A$lcc3370 |    00000692  A$lcc3370
     00000693  A$lcc3370 |    00000696  A$lcc3370 |    00000697  A$lcc3370
     00000697  C$drawing |    00000699  A$lcc3370 |    0000069B  A$lcc3370
     0000069D  A$lcc3370 |    0000069D  C$drawing |    0000069F  A$lcc3370
     000006A1  A$lcc3370 |    000006A3  A$lcc3370 |    000006A3  C$drawing
     000006A3  XG$init_d |    000006A4  A$lcc3370 |    000006A4  C$drawing
     000006A4  C$drawing |    000006A4  C$drawing |    000006A4  G$get_bas
     000006A4  _get_base |    000006A5  A$lcc3370 |    000006A6  A$lcc3370
     000006A6  C$drawing |    000006A8  A$lcc3370 |    000006A8  C$drawing
     000006A8  XG$get_ba |    000006A9  A$lcc3370 |    000006A9  C$drawing
     000006A9  G$draw_se |    000006A9  _draw_sel |    000006AA  A$lcc3370
     000006AA  C$drawing |    000006AD  A$lcc3370 |    000006AE  A$lcc3370
     000006B0  A$lcc3370 |    000006B0  C$drawing |    000006B3  A$lcc3370
     000006B5  A$lcc3370 |    000006B5  C$drawing |    000006B8  A$lcc3370
     000006B9  A$lcc3370 |    000006B9  C$drawing |    000006BA  A$lcc3370
     000006BB  A$lcc3370 |    000006BE  A$lcc3370 |    000006BF  A$lcc3370
     000006C0  A$lcc3370 |    000006C0  C$drawing |    000006C1  A$lcc3370
     000006C3  A$lcc3370 |    000006C5  A$lcc3370 |    000006C7  A$lcc3370
     000006C8  A$lcc3370 |    000006C9  A$lcc3370 |    000006CC  A$lcc3370
     000006CF  A$lcc3370 |    000006D0  A$lcc3370 |    000006D1  A$lcc3370
     000006D1  C$drawing |    000006D4  A$lcc3370 |    000006D5  A$lcc3370
     000006D8  A$lcc3370 |    000006DA  A$lcc3370 |    000006DB  A$lcc3370
     000006DD  A$lcc3370 |    000006E0  A$lcc3370 |    000006E1  A$lcc3370
     000006E4  A$lcc3370 |    000006E6  A$lcc3370 |    000006E8  A$lcc3370
     000006E9  A$lcc3370 |    000006E9  C$drawing |    000006E9  C$drawing
     000006E9  XG$draw_s |    000006EC  A$lcc3370 |    000006EC  C$drawing
     000006EC  G$draw_mo |    000006EC  _draw_mov |    000006ED  A$lcc3370
     000006EE  A$lcc3370 |    000006EE  C$drawing |    000006EF  A$lcc3370
     000006F1  A$lcc3370 |    000006F2  A$lcc3370 |    000006F5  A$lcc3370
     000006F6  A$lcc3370 |    000006F7  A$lcc3370 |    000006F7  C$drawing
     000006F8  A$lcc3370 |    000006FA  A$lcc3370 |    000006FC  A$lcc3370
     000006FE  A$lcc3370 |    000006FF  A$lcc3370 |    000006FF  C$drawing
     00000700  A$lcc3370 |    00000702  A$lcc3370 |    00000704  A$lcc3370
     00000706  A$lcc3370 |    00000707  A$lcc3370 |    00000707  C$drawing
     0000070A  A$lcc3370 |    0000070B  A$lcc3370 |    0000070C  A$lcc3370
     0000070E  A$lcc3370 |    0000070E  C$drawing |    00000710  A$lcc3370
     00000710  C$drawing |    00000712  A$lcc3370 |    00000714  A$lcc3370
     00000714  C$drawing |    00000717  A$lcc3370 |    00000718  A$lcc3370
     0000071A  A$lcc3370 |    0000071B  A$lcc3370 |    0000071C  A$lcc3370
     0000071F  A$lcc3370 |    00000721  A$lcc3370 |    00000722  A$lcc3370
     00000724  A$lcc3370 |    00000727  A$lcc3370 |    00000728  A$lcc3370
     0000072B  A$lcc3370 |    0000072C  A$lcc3370 |    0000072D  A$lcc3370
     0000072E  A$lcc3370 |    0000072F  A$lcc3370 |    00000730  A$lcc3370
     00000733  A$lcc3370 |    00000733  C$drawing |    00000734  A$lcc3370
ASxxxx Linker V03.00/V05.40 + sdld,  page 10.
Hexadecimal  [32-Bits]

Area                       Addr        Size        Decimal Bytes (Attributes)
--------------------       ----        ----        ------- ----- ------------
_CODE                  00000200    0000093E =        2366. bytes (REL,CON)

        Value  Global            Value  Global            Value  Global    
        -----  ------            -----  ------            -----  ------    
     00000734  C$drawing |    00000735  A$lcc3370 |    00000736  A$lcc3370
     00000737  A$lcc3370 |    00000737  C$drawing |    00000737  G$draw_pu
     00000737  _draw_puc |    00000738  A$lcc3370 |    00000739  A$lcc3370
     0000073B  A$lcc3370 |    0000073C  A$lcc3370 |    0000073D  A$lcc3370
     0000073D  C$drawing |    0000073F  A$lcc3370 |    00000740  A$lcc3370
     00000741  A$lcc3370 |    00000743  A$lcc3370 |    00000744  A$lcc3370
     00000745  A$lcc3370 |    00000748  A$lcc3370 |    0000074A  A$lcc3370
     0000074B  A$lcc3370 |    0000074E  A$lcc3370 |    00000750  A$lcc3370
     00000751  A$lcc3370 |    00000752  A$lcc3370 |    00000755  A$lcc3370
     00000756  A$lcc3370 |    00000758  A$lcc3370 |    00000759  A$lcc3370
     0000075A  A$lcc3370 |    0000075C  A$lcc3370 |    0000075D  A$lcc3370
     0000075E  A$lcc3370 |    0000075F  A$lcc3370 |    00000760  A$lcc3370
     00000761  A$lcc3370 |    00000762  A$lcc3370 |    00000765  A$lcc3370
     00000767  A$lcc3370 |    0000076A  A$lcc3370 |    0000076C  A$lcc3370
     0000076C  C$drawing |    0000076C  C$drawing |    0000076D  A$lcc3370
     0000076E  A$lcc3370 |    0000076F  A$lcc3370 |    00000770  A$lcc3370
     00000771  A$lcc3370 |    00000771  C$drawing |    00000771  G$draw_bo
     00000771  _draw_boa |    00000773  A$lcc3370 |    00000774  A$lcc3370
     00000775  A$lcc3370 |    00000775  C$drawing |    00000777  A$lcc3370
     00000778  A$lcc3370 |    00000779  A$lcc3370 |    0000077A  A$lcc3370
     0000077A  C$drawing |    0000077C  A$lcc3370 |    0000077E  A$lcc3370
     0000077E  C$drawing |    00000780  A$lcc3370 |    00000781  A$lcc3370
     00000783  A$lcc3370 |    00000784  A$lcc3370 |    00000785  A$lcc3370
     00000786  A$lcc3370 |    00000787  A$lcc3370 |    00000788  A$lcc3370
     00000789  A$lcc3370 |    0000078A  A$lcc3370 |    0000078B  A$lcc3370
     0000078C  A$lcc3370 |    0000078E  A$lcc3370 |    0000078F  A$lcc3370
     00000791  A$lcc3370 |    00000792  A$lcc3370 |    00000793  A$lcc3370
     00000794  A$lcc3370 |    00000795  A$lcc3370 |    00000796  A$lcc3370
     00000798  A$lcc3370 |    0000079A  A$lcc3370 |    0000079C  A$lcc3370
     0000079E  A$lcc3370 |    000007A0  A$lcc3370 |    000007A2  A$lcc3370
     000007A2  C$drawing |    000007A2  C$drawing |    000007A4  A$lcc3370
     000007A6  A$lcc3370 |    000007A6  C$drawing |    000007A8  A$lcc3370
     000007A8  C$drawing |    000007A8  C$drawing |    000007AA  A$lcc3370
     000007AC  A$lcc3370 |    000007AC  C$drawing |    000007AE  A$lcc3370
     000007AE  C$drawing |    000007AE  C$drawing |    000007B0  A$lcc3370
     000007B2  A$lcc3370 |    000007B2  C$drawing |    000007B2  C$drawing
     000007B3  A$lcc3370 |    000007B5  A$lcc3370 |    000007B6  A$lcc3370
     000007B7  A$lcc3370 |    000007B8  A$lcc3370 |    000007B9  A$lcc3370
     000007BA  A$lcc3370 |    000007BB  A$lcc3370 |    000007BE  A$lcc3370
     000007BF  A$lcc3370 |    000007BF  C$drawing |    000007C1  A$lcc3370
     000007C2  A$lcc3370 |    000007C3  A$lcc3370 |    000007C5  A$lcc3370
     000007C7  A$lcc3370 |    000007C7  C$drawing |    000007C8  A$lcc3370
     000007C9  A$lcc3370 |    000007CA  A$lcc3370 |    000007CC  A$lcc3370
     000007CE  A$lcc3370 |    000007D0  A$lcc3370 |    000007D0  C$drawing
     000007D0  XG$draw_b |    000007D1  A$lcc3370 |    000007D1  C$fourgo.
     000007D1  G$select_ |    000007D1  _select_c |    000007D4  A$lcc3370
     000007D4  C$fourgo. |    000007D5  A$lcc3370 |    000007D7  A$lcc3370
     000007D9  A$lcc3370 |    000007DB  A$lcc3370 |    000007DB  C$fourgo.
     000007DD  A$lcc3370 |    000007DD  C$fourgo. |    000007E0  A$lcc3370
     000007E2  A$lcc3370 |    000007E3  A$lcc3370 |    000007E3  C$fourgo.
     000007E5  A$lcc3370 |    000007E5  C$fourgo. |    000007E5  XG$select
ASxxxx Linker V03.00/V05.40 + sdld,  page 11.
Hexadecimal  [32-Bits]

Area                       Addr        Size        Decimal Bytes (Attributes)
--------------------       ----        ----        ------- ----- ------------
_CODE                  00000200    0000093E =        2366. bytes (REL,CON)

        Value  Global            Value  Global            Value  Global    
        -----  ------            -----  ------            -----  ------    
     000007E6  A$lcc3370 |    000007E6  C$fourgo. |    000007E6  C$fourgo.
     000007E6  G$inc_col |    000007E6  _inc_colu |    000007E9  A$lcc3370
     000007EA  A$lcc3370 |    000007EB  A$lcc3370 |    000007EC  A$lcc3370
     000007EC  C$fourgo. |    000007EC  XG$inc_co |    000007EF  A$lcc3370
     000007EF  C$fourgo. |    000007EF  C$fourgo. |    000007EF  G$dec_col
     000007EF  _dec_colu |    000007F2  A$lcc3370 |    000007F3  A$lcc3370
     000007F4  A$lcc3370 |    000007F5  A$lcc3370 |    000007F5  C$fourgo.
     000007F5  XG$dec_co |    000007F8  A$lcc3370 |    000007F8  C$fourgo.
     000007F8  G$try_mak |    000007F8  _try_make |    000007F9  A$lcc3370
     000007F9  C$fourgo. |    000007FC  A$lcc3370 |    000007FD  A$lcc3370
     000007FE  A$lcc3370 |    00000801  A$lcc3370 |    00000804  A$lcc3370
     00000805  A$lcc3370 |    00000806  A$lcc3370 |    00000807  A$lcc3370
     0000080A  A$lcc3370 |    0000080B  A$lcc3370 |    0000080D  A$lcc3370
     0000080D  C$fourgo. |    00000810  A$lcc3370 |    00000811  A$lcc3370
     00000812  A$lcc3370 |    00000814  A$lcc3370 |    00000815  A$lcc3370
     00000818  A$lcc3370 |    0000081B  A$lcc3370 |    0000081C  A$lcc3370
     0000081E  A$lcc3370 |    0000081E  C$fourgo. |    00000821  A$lcc3370
     00000823  A$lcc3370 |    00000823  C$fourgo. |    00000826  A$lcc3370
     00000827  A$lcc3370 |    00000828  A$lcc3370 |    0000082B  A$lcc3370
     0000082E  A$lcc3370 |    0000082F  A$lcc3370 |    00000830  A$lcc3370
     00000831  A$lcc3370 |    00000834  A$lcc3370 |    00000834  C$fourgo.
     00000837  A$lcc3370 |    00000839  A$lcc3370 |    00000839  C$fourgo.
     0000083C  A$lcc3370 |    0000083D  A$lcc3370 |    0000083F  A$lcc3370
     0000083F  C$fourgo. |    00000842  A$lcc3370 |    00000844  A$lcc3370
     00000846  A$lcc3370 |    00000846  C$fourgo. |    00000849  A$lcc3370
     0000084B  A$lcc3370 |    0000084C  A$lcc3370 |    0000084C  C$fourgo.
     0000084C  XG$try_ma |    0000084D  A$lcc3370 |    0000084D  C$fourgo.
     0000084D  G$handle_ |    0000084D  _handle_k |    0000084E  A$lcc3370
     0000084E  C$fourgo. |    0000084F  A$lcc3370 |    00000852  A$lcc3370
     00000853  A$lcc3370 |    00000854  A$lcc3370 |    00000856  A$lcc3370
     00000856  C$fourgo. |    00000857  A$lcc3370 |    0000085A  A$lcc3370
     0000085B  A$lcc3370 |    0000085C  A$lcc3370 |    0000085D  A$lcc3370
     0000085D  C$fourgo. |    0000085E  A$lcc3370 |    00000861  A$lcc3370
     00000862  A$lcc3370 |    00000862  C$fourgo. |    00000865  A$lcc3370
     00000866  A$lcc3370 |    00000867  A$lcc3370 |    00000868  A$lcc3370
     00000869  A$lcc3370 |    00000869  C$fourgo. |    0000086A  A$lcc3370
     0000086B  A$lcc3370 |    0000086E  A$lcc3370 |    0000086F  A$lcc3370
     00000870  A$lcc3370 |    00000870  C$fourgo. |    00000870  XG$handle
     00000871  A$lcc3370 |    00000871  C$fourgo. |    00000871  G$main$0$
     00000871  _main     |    00000873  A$lcc3370 |    00000873  C$fourgo.
     00000876  A$lcc3370 |    00000876  C$fourgo. |    00000879  A$lcc3370
     0000087A  A$lcc3370 |    0000087B  A$lcc3370 |    0000087C  A$lcc3370
     0000087F  A$lcc3370 |    0000087F  C$fourgo. |    00000882  A$lcc3370
     00000885  A$lcc3370 |    00000886  A$lcc3370 |    00000887  A$lcc3370
     00000888  A$lcc3370 |    00000888  C$fourgo. |    00000888  C$fourgo.
     0000088B  A$lcc3370 |    0000088B  C$fourgo. |    0000088E  A$lcc3370
     0000088F  A$lcc3370 |    00000892  A$lcc3370 |    00000895  A$lcc3370
     00000895  C$fourgo. |    00000898  A$lcc3370 |    0000089B  A$lcc3370
     0000089B  C$fourgo. |    0000089E  A$lcc3370 |    000008A0  A$lcc3370
     000008A3  A$lcc3370 |    000008A3  C$fourgo. |    000008A6  A$lcc3370
     000008A8  A$lcc3370 |    000008AB  A$lcc3370 |    000008AB  C$fourgo.
ASxxxx Linker V03.00/V05.40 + sdld,  page 12.
Hexadecimal  [32-Bits]

Area                       Addr        Size        Decimal Bytes (Attributes)
--------------------       ----        ----        ------- ----- ------------
_CODE                  00000200    0000093E =        2366. bytes (REL,CON)

        Value  Global            Value  Global            Value  Global    
        -----  ------            -----  ------            -----  ------    
     000008AE  A$lcc3370 |    000008B0  A$lcc3370 |    000008B3  A$lcc3370
     000008B3  C$fourgo. |    000008B6  A$lcc3370 |    000008B7  A$lcc3370
     000008B9  A$lcc3370 |    000008B9  C$fourgo. |    000008BC  A$lcc3370
     000008BD  A$lcc3370 |    000008BE  A$lcc3370 |    000008BF  A$lcc3370
     000008C2  A$lcc3370 |    000008C2  C$fourgo. |    000008C4  A$lcc3370
     000008C5  A$lcc3370 |    000008C6  A$lcc3370 |    000008C8  A$lcc3370
     000008C9  A$lcc3370 |    000008CA  A$lcc3370 |    000008CD  A$lcc3370
     000008CE  A$lcc3370 |    000008CF  A$lcc3370 |    000008D2  A$lcc3370
     000008D3  A$lcc3370 |    000008D4  A$lcc3370 |    000008D5  A$lcc3370
     000008D8  A$lcc3370 |    000008D9  A$lcc3370 |    000008DA  A$lcc3370
     000008DB  A$lcc3370 |    000008DE  A$lcc3370 |    000008DF  A$lcc3370
     000008E1  A$lcc3370 |    000008E1  C$fourgo. |    000008E4  A$lcc3370
     000008E6  A$lcc3370 |    000008E8  A$lcc3370 |    000008E8  C$fourgo.
     000008EB  A$lcc3370 |    000008EC  A$lcc3370 |    000008ED  A$lcc3370
     000008EE  A$lcc3370 |    000008F1  A$lcc3370 |    000008F1  C$fourgo.
     000008F3  A$lcc3370 |    000008F6  A$lcc3370 |    000008F6  C$fourgo.
     000008F9  A$lcc3370 |    000008FB  A$lcc3370 |    000008FB  C$fourgo.
     000008FB  XG$main$0 |    000008FC  G$puck_ma |    000008FC  _puck_map
     00000900  G$puck_me |    00000900  _puck_met |    00000914  G$puck_p1
     00000914  _puck_p1  |    00000954  G$puck_p2 |    00000954  _puck_p2 
     00000994  G$puck_px |    00000994  _puck_px  |    000009D4  __mulsuch
     000009D7  __mulusch |    000009E0  __mulscha |    000009E8  __mulint 
     00000A07  __mulucha |    00000A19  ___move_m |    00000A56  __divsuch
     00000A5C  __modsuch |    00000A65  __divusch |    00000A6E  __modusch
     00000A7B  __divscha |    00000A80  __modscha |    00000A87  __divsint
     00000A90  __modsint |    00000A9C  __divucha |    00000AA1  __moducha
     00000AA8  __divuint |    00000AB1  __moduint |    00000ABD  .div8    
     00000ABD  .mod8     |    00000AC5  .div16    |    00000AC5  .mod16   
     00000AFB  .divu8    |    00000AFB  .modu8    |    00000AFE  .divu16  
     00000AFE  .modu16  
ASxxxx Linker V03.00/V05.40 + sdld,  page 13.
Hexadecimal  [32-Bits]

Area                       Addr        Size        Decimal Bytes (Attributes)
--------------------       ----        ----        ------- ----- ------------
_HEADER0               00000000    00000001 =           1. bytes (ABS,CON)

        Value  Global            Value  Global            Value  Global    
        -----  ------            -----  ------            -----  ------    
     00000020  .call_hl 
ASxxxx Linker V03.00/V05.40 + sdld,  page 14.
Hexadecimal  [32-Bits]

Area                       Addr        Size        Decimal Bytes (Attributes)
--------------------       ----        ----        ------- ----- ------------
_HEADER1               00000000    00000005 =           5. bytes (ABS,CON)

        Value  Global            Value  Global            Value  Global    
        -----  ------            -----  ------            -----  ------    
     00000028  .MemsetSm
ASxxxx Linker V03.00/V05.40 + sdld,  page 15.
Hexadecimal  [32-Bits]

Area                       Addr        Size        Decimal Bytes (Attributes)
--------------------       ----        ----        ------- ----- ------------
_HEADER2               00000000    00000007 =           7. bytes (ABS,CON)

        Value  Global            Value  Global            Value  Global    
        -----  ------            -----  ------            -----  ------    
     00000030  .MemcpySm
ASxxxx Linker V03.00/V05.40 + sdld,  page 16.
Hexadecimal  [32-Bits]

Area                       Addr        Size        Decimal Bytes (Attributes)
--------------------       ----        ----        ------- ----- ------------
_HEADER3               00000000    00000008 =           8. bytes (ABS,CON)

        Value  Global            Value  Global            Value  Global    
        -----  ------            -----  ------            -----  ------    
ASxxxx Linker V03.00/V05.40 + sdld,  page 17.
Hexadecimal  [32-Bits]

Area                       Addr        Size        Decimal Bytes (Attributes)
--------------------       ----        ----        ------- ----- ------------
_HEADER4               00000000    0000005C =          92. bytes (ABS,CON)

        Value  Global            Value  Global            Value  Global    
        -----  ------            -----  ------            -----  ------    
     00000080  .int      |    0000008F  _wait_int |    0000009C  __standar
     000000AB  _refresh_ |    000000CC  .wait_vbl |    000000CC  _vsync   
     000000CC  _wait_vbl
ASxxxx Linker V03.00/V05.40 + sdld,  page 18.
Hexadecimal  [32-Bits]

Area                       Addr        Size        Decimal Bytes (Attributes)
--------------------       ----        ----        ------- ----- ------------
_HEADER5               00000000    00000001 =           1. bytes (ABS,CON)

        Value  Global            Value  Global            Value  Global    
        -----  ------            -----  ------            -----  ------    
ASxxxx Linker V03.00/V05.40 + sdld,  page 19.
Hexadecimal  [32-Bits]

Area                       Addr        Size        Decimal Bytes (Attributes)
--------------------       ----        ----        ------- ----- ------------
_HEADER6               00000000    00000002 =           2. bytes (ABS,CON)

        Value  Global            Value  Global            Value  Global    
        -----  ------            -----  ------            -----  ------    
ASxxxx Linker V03.00/V05.40 + sdld,  page 20.
Hexadecimal  [32-Bits]

Area                       Addr        Size        Decimal Bytes (Attributes)
--------------------       ----        ----        ------- ----- ------------
_HEADER7               00000000    00000030 =          48. bytes (ABS,CON)

        Value  Global            Value  Global            Value  Global    
        -----  ------            -----  ------            -----  ------    
ASxxxx Linker V03.00/V05.40 + sdld,  page 21.
Hexadecimal  [32-Bits]

Area                       Addr        Size        Decimal Bytes (Attributes)
--------------------       ----        ----        ------- ----- ------------
_HEADER8               00000000    00000006 =           6. bytes (ABS,CON)

        Value  Global            Value  Global            Value  Global    
        -----  ------            -----  ------            -----  ------    
ASxxxx Linker V03.00/V05.40 + sdld,  page 22.
Hexadecimal  [32-Bits]

Area                       Addr        Size        Decimal Bytes (Attributes)
--------------------       ----        ----        ------- ----- ------------
_HEADER9               00000000    00000003 =           3. bytes (ABS,CON)

        Value  Global            Value  Global            Value  Global    
        -----  ------            -----  ------            -----  ------    
ASxxxx Linker V03.00/V05.40 + sdld,  page 23.
Hexadecimal  [32-Bits]

Area                       Addr        Size        Decimal Bytes (Attributes)
--------------------       ----        ----        ------- ----- ------------
_HEADERa               00000000    00000001 =           1. bytes (ABS,CON)

        Value  Global            Value  Global            Value  Global    
        -----  ------            -----  ------            -----  ------    
ASxxxx Linker V03.00/V05.40 + sdld,  page 24.
Hexadecimal  [32-Bits]

Area                       Addr        Size        Decimal Bytes (Attributes)
--------------------       ----        ----        ------- ----- ------------
_HEADERb               00000000    00000001 =           1. bytes (ABS,CON)

        Value  Global            Value  Global            Value  Global    
        -----  ------            -----  ------            -----  ------    
ASxxxx Linker V03.00/V05.40 + sdld,  page 25.
Hexadecimal  [32-Bits]

Area                       Addr        Size        Decimal Bytes (Attributes)
--------------------       ----        ----        ------- ----- ------------
_HEADERc               00000000    00000001 =           1. bytes (ABS,CON)

        Value  Global            Value  Global            Value  Global    
        -----  ------            -----  ------            -----  ------    
ASxxxx Linker V03.00/V05.40 + sdld,  page 26.
Hexadecimal  [32-Bits]

Area                       Addr        Size        Decimal Bytes (Attributes)
--------------------       ----        ----        ------- ----- ------------
_HEADERd               00000000    00000002 =           2. bytes (ABS,CON)

        Value  Global            Value  Global            Value  Global    
        -----  ------            -----  ------            -----  ------    
ASxxxx Linker V03.00/V05.40 + sdld,  page 27.
Hexadecimal  [32-Bits]

Area                       Addr        Size        Decimal Bytes (Attributes)
--------------------       ----        ----        ------- ----- ------------
_HEADERe               00000000    00000001 =           1. bytes (ABS,CON)

        Value  Global            Value  Global            Value  Global    
        -----  ------            -----  ------            -----  ------    
ASxxxx Linker V03.00/V05.40 + sdld,  page 28.
Hexadecimal  [32-Bits]

Area                       Addr        Size        Decimal Bytes (Attributes)
--------------------       ----        ----        ------- ----- ------------
_HEADERf               00000000    00000001 =           1. bytes (ABS,CON)

        Value  Global            Value  Global            Value  Global    
        -----  ------            -----  ------            -----  ------    
ASxxxx Linker V03.00/V05.40 + sdld,  page 29.
Hexadecimal  [32-Bits]

Area                       Addr        Size        Decimal Bytes (Attributes)
--------------------       ----        ----        ------- ----- ------------
_HEADER10              00000000    00000002 =           2. bytes (ABS,CON)

        Value  Global            Value  Global            Value  Global    
        -----  ------            -----  ------            -----  ------    
ASxxxx Linker V03.00/V05.40 + sdld,  page 30.
Hexadecimal  [32-Bits]

Area                       Addr        Size        Decimal Bytes (Attributes)
--------------------       ----        ----        ------- ----- ------------
_HEADER11              00000000    000000AF =         175. bytes (ABS,CON)

        Value  Global            Value  Global            Value  Global    
        -----  ------            -----  ------            -----  ------    
     00000150  .reset    |    00000150  _reset    |    00000157  .code_sta
     000001B9  _exit     |    000001BD  _set_inte |    000001D1  .remove_V
     000001D1  _remove_V |    000001D4  .remove_i |    000001F1  .add_VBL 
     000001F1  _add_VBL  |    000001F4  .add_int 
ASxxxx Linker V03.00/V05.40 + sdld,  page 31.
Hexadecimal  [32-Bits]

Area                       Addr        Size        Decimal Bytes (Attributes)
--------------------       ----        ----        ------- ----- ------------
_HOME                  00000B3E    0000018B =         395. bytes (REL,CON)

        Value  Global            Value  Global            Value  Global    
        -----  ------            -----  ------            -----  ------    
     00000B3E  .memset_s |    00000B47  .memcpy_s |    00000B64  .display_
     00000B64  _display_ |    00000B7C  .padup    |    00000B7C  _waitpadu
     00000B8C  .jpad     |    00000B8C  _joypad   |    00000BB4  _waitpad 
     00000BB5  .wait_pad |    00000BBC  _set_tile |    00000BC1  _set_bkg_
     00000BC1  _set_win_ |    00000BC9  _set_spri |    00000BF9  _init_win
     00000C02  _init_bkg |    00000C0B  _vmemset  |    00000C1C  ___sdcc_c
     00000C1D  .set_xy_w |    00000C26  .set_xy_b |    00000C35  .set_xy_t
     00000C77  .init_wtt |    00000C7F  .init_btt |    00000C8D  .init_tt 
     00000C90  .init_vra |    00000CB5  _set_bkg_
ASxxxx Linker V03.00/V05.40 + sdld,  page 32.
Hexadecimal  [32-Bits]

Area                       Addr        Size        Decimal Bytes (Attributes)
--------------------       ----        ----        ------- ----- ------------
_INITIALIZER           00000CC9    00000009 =           9. bytes (REL,CON)

        Value  Global            Value  Global            Value  Global    
        -----  ------            -----  ------            -----  ------    
     00000CC9  Fdrawing$ |    00000CCA  Fdrawing$ |    00000CCB  Fdrawing$
     00000CCC  Fdrawing$ |    00000CCD  Ffourgo$_ |    00000CCE  Ffourgo$_
     00000CCF  Ffourgo$_
ASxxxx Linker V03.00/V05.40 + sdld,  page 33.
Hexadecimal  [32-Bits]

Area                       Addr        Size        Decimal Bytes (Attributes)
--------------------       ----        ----        ------- ----- ------------
_GSINIT                00000CD2    0000000C =          12. bytes (REL,CON)

        Value  Global            Value  Global            Value  Global    
        -----  ------            -----  ------            -----  ------    
     00000CD2  gsinit   
ASxxxx Linker V03.00/V05.40 + sdld,  page 34.
Hexadecimal  [32-Bits]

Area                       Addr        Size        Decimal Bytes (Attributes)
--------------------       ----        ----        ------- ----- ------------
_GSFINAL               00000CDE    00000001 =           1. bytes (REL,CON)

        Value  Global            Value  Global            Value  Global    
        -----  ------            -----  ------            -----  ------    
ASxxxx Linker V03.00/V05.40 + sdld,  page 35.
Hexadecimal  [32-Bits]

Area                       Addr        Size        Decimal Bytes (Attributes)
--------------------       ----        ----        ------- ----- ------------
_DATA                  0000C0A0    00000043 =          67. bytes (REL,CON)

        Value  Global            Value  Global            Value  Global    
        -----  ------            -----  ------            -----  ------    
     0000C0A0  __cpu     |    0000C0A1  __is_GBA  |    0000C0A2  .mode    
     0000C0A3  .sys_time |    0000C0A3  _sys_time |    0000C0A5  .int_0x40
     0000C0B1  Fboard$_b |    0000C0DB  Ffourgo$k |    0000C0DC  Ffourgo$k
     0000C0DD  Ffourgo$b |    0000C0DF  ___curren |    0000C0E1  ___curren
     0000C0E2  ___curren
ASxxxx Linker V03.00/V05.40 + sdld,  page 36.
Hexadecimal  [32-Bits]

Area                       Addr        Size        Decimal Bytes (Attributes)
--------------------       ----        ----        ------- ----- ------------
_INITIALIZED           0000C0E3    00000009 =           9. bytes (REL,CON)

        Value  Global            Value  Global            Value  Global    
        -----  ------            -----  ------            -----  ------    
     0000C0E3  Fdrawing$ |    0000C0E4  Fdrawing$ |    0000C0E5  Fdrawing$
     0000C0E6  Fdrawing$ |    0000C0E7  Ffourgo$s |    0000C0E8  Ffourgo$c
     0000C0E9  Ffourgo$w |    0000C0EA  ___render |    0000C0EB  __map_til
ASxxxx Linker V03.00/V05.40 + sdld,  page 37.
Hexadecimal  [32-Bits]

Area                       Addr        Size        Decimal Bytes (Attributes)
--------------------       ----        ----        ------- ----- ------------
_HRAM12                00000000    00000003 =           3. bytes (ABS,CON)

        Value  Global            Value  Global            Value  Global    
        -----  ------            -----  ------            -----  ------    
     0000FF90  __current |    0000FF92  __shadow_
ASxxxx Linker V03.00/V05.40 + sdld,  page 38.

Files Linked                              [ module(s) ]

C:\Users\paul\Utilities\gbdk\lib/gb/crt0.o
                                          [ Runtime ]
C:\Users\paul\AppData\Local\Temp/lcc337000.o
                                          [ board ]
C:\Users\paul\AppData\Local\Temp/lcc337001.o
                                          [ drawing ]
C:\Users\paul\AppData\Local\Temp/lcc337002.o
                                          [ fourgo ]
C:\Users\paul\AppData\Local\Temp/lcc337003.o
                                          [ puck_map ]
C:\Users\paul\AppData\Local\Temp/lcc337004.o
                                          [ puck_tiles ]


Libraries Linked                          [ object file ]

C:\Users\paul\Utilities\gbdk\lib/gb/gb.lib
                                          [ pad.o ]
C:\Users\paul\Utilities\gbdk\lib/sm83/sm83.lib
                                          [ mul.o ]
C:\Users\paul\Utilities\gbdk\lib/gb/gb.lib
                                          [ set_data.o ]
C:\Users\paul\Utilities\gbdk\lib/gb/gb.lib
                                          [ init_vram.o ]
C:\Users\paul\Utilities\gbdk\lib/gb/gb.lib
                                          [ metasprites.o ]
C:\Users\paul\Utilities\gbdk\lib/sm83/sm83.lib
                                          [ __sdcc_call_hl.o ]
C:\Users\paul\Utilities\gbdk\lib/gb/gb.lib
                                          [ set_xy_t.o ]
C:\Users\paul\Utilities\gbdk\lib/gb/gb.lib
                                          [ sfr.o ]
C:\Users\paul\Utilities\gbdk\lib/gb/gb.lib
                                          [ init_tt.o ]
C:\Users\paul\Utilities\gbdk\lib/gb/gb.lib
                                          [ set_bk_t.o ]
C:\Users\paul\Utilities\gbdk\lib/sm83/sm83.lib
                                          [ div.o ]

ASxxxx Linker V03.00/V05.40 + sdld,  page 39.

User Base Address Definitions

_DATA=0xC0A0
_CODE=0x0200
ASxxxx Linker V03.00/V05.40 + sdld,  page 40.

User Global Definitions

_shadow_OAM=0xC000
.STACK=0xE000
.refresh_OAM=0xFF80

